// Jest Snapshot v1, https://goo.gl/fbAQLP

exports[`HomePage Tests it renders correctly 1`] = `
<div
  className="MuiGrid-root MuiGrid-container MuiGrid-direction-xs-column"
>
  <div
    className="MuiPaper-root MuiPaper-elevation1 MuiPaper-rounded"
  >
    <p
      className="MuiTypography-root MuiTypography-body1"
    >
      Home Page
    </p>
  </div>
</div>
`;
